[0m[23Cú
[19Cúú ..;;.. ú  ..  .˜Q$$QQ˜.._
[17Cú.;;lllllll:  j$$$$lll$$$$$$$$$$$$\$$$˜/
[17Cù;;iQQ$$$$$.  ÀQ$$$lll$$$$$$$QQQ$//$$$$QQi;;ù
[18C;;lQQ$$$$$Å._[3C`` `À|$$|Ù'`_.'.$$$$QQi;;
[18Cú;;lQ$$$$$$$$$$˜._[4C_.˜$$$$$$$$$$QQi;;ú
[17Cú .i;lQQ$QQQQ$$$$ll$$$$$$QQllQQ$$lQ$$$$QQl;ú
[21C;;lll;;;;llll;;;l;$$Q;;;;;lll;lQ$QQ;ù;
[21Cú;;;;ù ú ;\\;ú  ú  ^   [3C\\' ù;;; ú\
[22C `' ` _.,,i;;,;;ill; `'ù
[26C ú;;;;üüÀ4$$$$|ÙÙlll;;\\  
[26C`+.     __           __    .; 
[29C;;lii$$$$Q˜˜˜Q$QQi;;'  
[31C ÀSS$$$$$$$$$$$$Q7' ù
[39C`````''`
[52C__
[24C  .Qll;[18CjÅ;Ù
[23C.˜$$$$$$Å;[17C'  ;iQ$$$$$$$$$QQlll;;;ú
[21C$$$$$$$$$$Åú[19Clll$$$$$$$iilll;;;ùú
[19C$$$$$$$$$l$$Ù;;[14C;... . .
[16C;llQ$$$QÙü'.._ú ;;[9Cj$$$$$$$$$$$$$$$$$$QQQllii;;ú
[14C;;llQü'.Q$$$$$$$$$$$ll;[8CÀSSSQQ|||QQQQSSSSll;;; ùú
[15Cú'+.;;;lllQQQ$$$$$QQQ|||l[7C .,,,,,,......,. ; ;;; [5C.
[17C;  +ú ;;``'''``_...,,,,[5C j$$$$$$$$$$$$$$$$Q$QQlli;;;ú  ;Å
[17C ` ú     ;;;lQQ$$$$$$$$$;[6CÀQ$$$$$$$$QQ$W$QQlli;;;;ù  
[0m