[0m



-----------------------------------------------------------------------drshizuma[1;30m[0m[1m[0m[1;30m;[0m[1;30m[0m[1;30m[0m[1;30mb ` [0;31md[1;30m7`.d,[0m [1;30m.[0m[1;30m[0m[1m[0m[1;30m[0m[1;30m ý"[0;31m`[1;30m\[0m[1;30m*ýý*[37m[0m[1;30m[0m[1;30m[0;31m`[1;30m`7[0m[1;30mb[0;31m,[1;30md[0m[1;30m7 .d\ý"` [0m[1;30m[0m[1;30m;l[0m
[1;30md[0m[1;30m[0m[1;30m7ý'[0;31m,[1;30md[0mÅ7[1;30m[0m[1;30mb  .d7"`,ªl;;[0m[1;30m7ý'[0;31m,[1;30mdÅ[0m[1;30m[0m[1;30m[0m[1;30m[0m[1;30ml[0m[1;30m"[0m[1;30ml 7 [0;31m`[1;30m,dÅ7"``  `""\\Å=-.`[0m
[1;30m[0m[1;30m\ý'   [0;31m[1;30m[0m[1;30m\\©"`[0m _--[31m-_[1;30m`"ý/Å;[0m[1;30m[0m[1;30m [0m[1;30ml;[0;31m;`[1;30m,d[0m[1;30m7[0;31m,[37m [1;30m,[0m\[1;30m/,[0;31m `;[1;30m_[0m  [1;30m.[0m[1;30m7ý'[0m  [1;30m;;`[0m  [31m`[1;30m```[0m [1;30m_[0m   [31m_;[37m[1;30m[0m[4C[1;30m`ý/Å[0m[1;30m [0m[1;30m7, ,d[0m[1;30mÅ7©[0;31ml[37m [1;30m\[0m[1;30m"[0m[1m[0;31mÊ[1;30m7/[0m  [1;30mm[0m
[1;30m[0m[1;30m7ý',ª[0;31m`[37m ,[1;30m [0m   [1;30m,ª[0msSÅÎ[31m,[37m `""[1;30m`[0m [31m`;[37m[4C[1;30m,_[0m`[1;30m`[0m"[1;30m"  `7,[0m[1;30m/[0m[1;30m7` ,\ ;[0m[1;30m [0;31m`" .)[1;30m[0m[1;30m;[0m [1;30m`l,7',ªÅ`[0m  [1;30ml[0m   [31m;[37m `[1;30mb©[0;31m,[1;30m_ _,ªd[0m   [1;30m ,[0m[7C[31m;.[37m [1;30m/[0m[1;30mÅ\`--d[0m [1;30m  7[0m[1;30mËË[0m[1;30m7[0m [31m;[37m [1;30ml;[0m[1;30m\`[0m[4C;   [1;30m;[0m  [1;30m [0m[1;30m[0m[1;30m"[0;31m`[37m  [1;30m\[0m [1;30m  l/[0m©,.[1;30m_  `""` .ªsS `.[0m [1;30m `ý\\ý` [0;31m`[1;30m,l\[0m
[1;30m\[0;31m"[1;30m`[0m [1;30m\[0m   [1;30ml[0m   `   [1;30m;[0m[1;30m[0m[1;30m[0;31m7[1;30m,\[0m[1;30m[0m  [1;30ml[0m[1;30m[0m[1;30mÅ;,d[0m[1;30mb©©,,..[0m  `` [1;30m_.,ª\;[0m
   [1;30m[0m[4C[1;30m`[0m   [1;30m;[0m   l[1;30m[0m[1;30m[0m[1;30m[0;31m`[1;30md[0m[1;30ml[0m  [1;30m[0m[1;30ml\```/`""ý\ý"`[0m   [1;30m.[0m  [1;30m`[0m   [1;30m;[0m   [1;30m\[0m [1;30m [0m  "``[1;30m[0m[1;30m[0;31m`[1;30md[0m[1;30m[0m[1;30m;[0m l[1;30ml; .[0;31mll [37m [1;30m`/©, `/`` [0m [1;30m ..;[0m [1;30m.[0m
   _[1;30mª[0m`  [1;30m [0m [1;30ml[0m  [1;30m ;[0m [1;30m [0m ;[1;30m[0m[1;30m7 [0m l[1m[0m[1;30m; ; [0m [31m`;[37m [31m.[37m [1;30m.``/. [0;31m+[1;30m`[0m [1;30m//[0m
[31mªý[1;30m``[0m[4C[1;30m\`[0m   [1;30m [0m [1;30m   [0m`[1;30m[0m[1;30m[0m[1;30m7[0m [31m`[37ml[1m[0m[1;30m[0m[1;30m.[0;31m,[1;30m7\[0m   [31m;[1;30m.[0m [31m.[37m [1;30m " `  "`[0m
 [31m,ª[1;30m=`[0m  [31m`[37m   [1;30m [0;31m,[1;30m/ `[0;31m.[1;30m   [0m"[1;30m7[0m[1;30m7[0m [31ml[37m;l[1m[0m[1;30ml [0;31mo[1;30m`ý7//,[0m [1;30m.[0m [31m.[37m [1;30m  `   l`  [0;31m ..[1;30m.[0m
[1;30m--------------------------------------------------------------------------------[0m