[0m[1m   [0m [1m [0m  [1m:$$$$$$$$$$$$$$S**S$$$$$$$$$$$$$$$$$$$$$$$$$$$$$$$$$$$$$$$$$$$$$:[0m
[3C:[3C[1m:$$ [30mÚ-------[37m [0m.Ú*##*¿.[1m [30m---------------------------[37m [0m.Ú¿.[1m [30m-----¿[37m $$:[0m
[3C$b  [1m:$$ [30m:[0m [1;30m::::: [0m;$$$$$$$$;[1m  [0m¿,,Úd. [1;30m::[0m  ³$b¿,._[1m [30m::::[37m [0m;$$$$;[1m   [0m.Ú*#SS#*¿.
  :$$b [1m:$: [0m , [1;30m:::[37m  [0m 'À*##*Ù`[1m  [0m7$$$$$³$b[1m [30m:[37m [0md$$$$$³À*#S#g¿,'ÀÙ`[1m  [0m d$$7Ù''À7$$$b
  l$³$b [1m$ [0m.d$: [1;30m:[0m ;$$$b¿Úd$[1m [30m:.[0m 7$$$ 'À7@7Ùl$$$7[1m [30m.:.[37m [0md$$$$$$7*Úd$$7  [1m$$:[0m )$$$;
  4$ À7@¿d$³$l [1;30m:.[0m 'Ù7$$$$$¿ [1m [30m:::[0m )$$;   '  :$$$:[1m [30m::[37m [0md$$$$7Ù`[1;30m.[37m [0m;$$l [1;30m:[37m $:[0m ;$$$7
 :$$   '³Ù` $$ [1;30m :::[0m  )$$$$$;[1m [0m_.Úd$$$l:[4C[1m_[0m`[1m.[0m`[1m..,  [0m**##( [1;30m:::[37m [0mi$$l [1;30m:[0m [1m$[0m ;$$$$$$$$ l$( [3C    $$: [1;30mÙ`[0m_Úd$$$$$$#*Ù'[1m_[0m'[1m,[0m`[1m¿\llXll$$$$$$$$$Slii;/*¿,. .[0m'7$b¿,. 
$$$$$$$$$$$$$$$$$$$$$&&&$b.[1m ''ÀÀ*lX$$³$³³³$$$$XXX$$S** ;Ùý `'[0m ;$$$$$$$$$$$$$$:$$$$b¿.[1m .[0m[3CÚ$³*Ù'~[7C[1m [0m[13C[1m`'l$$X/ `[0m[5C[1m [0m[6C[1m` /.[0m[3C[1m...[0m
³7Ù`~  [1m..$[0m .³Ù`[8C[1m    '[0m[14C[1mj$$X;'[0m[7C[1m` [0m[5C[1m ;ll.  $$:[0m
[7C[1m:i$[0m`[10C[1malgª¿¿¿gÚ,. ,¿ ;ij$$$$,Ú,.7$b,.,,Ú\l;,;lX;  $$:[0m
[3C[1m...[0m [1m:$$    ., . _, `^' ýý '` _,;ilS,;il$$$$$$$X,  `^''''^`,l$$$l  $$:.....[0m
[3C[1m:.:[0m [1m:$$  ,$$$$;lX$$S#%/gg%\S$$$$$7l;:ii$$$Xl$lii;,._ .,;ilX$$$$$  $$:[0m[4C[1m:[0m
[7C[1m:$$  X$$$$$$$$$SS*Ù ý'';lXX7li:::l$$$lXXllii;;:::::ilX$$$Xl  $$:[0m  [1m..:..[0m
[1m......[0m [1m:$$  ;XXllXX$$$$$$lllX$$$Xlli;;;;;l$$$XX$$$$lii;;;iilX$$$XX'  $$:..:.:[0m [1m:[0m
[1m:[0m  [1m..:.:$$  `;lX$$$$$$$XXXX$$$$Xli;;;;;;il$$$lXli;$$$$$$$$$$$$$$$$$$$$$:[0m  [1m:...:[0m
[1m:[0m  [1m:[0m [1m:[0m [1m:$$$$$$$$$$$$$$$$$$$$$$$$\ý''ýÙi;lX$$$$Xll;$$$$$$$$$$$$$$$$$$$$$:[0m
[1m:..:.: :$$$$$$$$$$$$$$$$$$$$$l$',\$$l:ll;X$$$$X$³$$$$$$$$$$$$$$$$$$$$$$:[0m  [1m     [0m
[3C[1m:...:$$$$$$$$$$$$$$$$$$$$$;` À7$$\ÙÙ/$³$$7ý'^`'$$$$$$$$$$$$XXXXX$$$$:[0m  [1m... [0m
[4C[1m  [0m [1m:$$&&&$$$$$$$$$$$$$$$$             ``  ;lXX$$$$$$$$$$$$XX88888$$:[0m  [1m:.: [0m
[4C[1m ..:$$&&&SSS$$$$$$$$$$$$$l;;Ú.[0m[8C[1m,ÚªlX$$$$$$$$$$$$$$$XX88888$$:[0m
[4C[1m :.:$$$$SSSS$$$$$$$$$$$$$8llXXl/¿,. .;X$$$XX88$$$$$$$$$$$$XXXXX$$$$:[0m
[7C[1m:EMOK$$$$$$$$$$$$$$$$$$$$$$$$$$$$$$$$$$$$$$$$$$$$$$$$$$$$$$$BJ:[0m
[0m