[0mкФФФФФФФФФФФФФФФФФФФФФФ--[30mл[37mbattle[30mл[37mship[30mл[37m-ФФП
Г[1;30mлллллллллллллллллллллллллллллллллллллллл[0mГ
Г[1;30mлллллллллллллллллллллллллллллллллллллллл[0mГ
Г[1;30mлллллллллллллллллллллллллллллллллллллллл[0mГ
Г[1;30mлллллллллллллллллллллллллллллллллллллллл[0mГ
Г[1;30mлллллллллллллллллллллллллллллллллллллллл[0mГ
Г[1;30mлллллллллллллллллллллллллллллллллллллллл[0mГ
РФФФФФФФФФФФФФФФФФФФФФФФФФФФФФФФФФФФФФФФФй
[0m